[INFO] 关节已收敛（max_delta=0.0001）
[INFO] 伸直 t=0.5s FR=[-0.099, -0.785, -1.053] FL=[0.111, -0.772, -1.082]
[INFO] 伸直 t=1.0s FR=[-0.099, -0.915, -1.053] FL=[0.111, -0.902, -1.082]
[INFO] 伸直 t=1.5s FR=[-0.099, -0.915, -1.053] FL=[0.111, -0.902, -1.082]
[INFO] 伸直 t=2.0s FR=[-0.099, -0.915, -1.053] FL=[0.111, -0.902, -1.082]
[INFO] 手 px=0.71 py=0.54 -> 右爪(FR) hip=0.15 thigh=-0.97 calf=-1.08
[INFO] 握到！tau 尖峰 2.9Nm，保持 0.6s
[INFO] 保持 t=1.0s FR=[-0.213, -0.919, -1.471] FL=[0.012, -0.902, -1.059]
[INFO] 握到！tau 尖峰 2.7Nm，保持 0.6s
[INFO] 握到！tau 尖峰 3.2Nm，保持 0.6s
[INFO] 保持 t=2.0s FR=[-0.232, -0.945, -1.447] FL=[0.027, -0.902, -1.05]
[INFO] 握到！tau 尖峰 3.7Nm，保持 0.6s
[INFO] 保持 t=3.0s FR=[-0.13, -1.166, -1.219] FL=[0.113, -0.902, -1.131]
[INFO] 握到！tau 尖峰 2.6Nm，保持 0.6s
[INFO] 保持 t=4.0s FR=[-0.215, -0.936, -1.55] FL=[0.001, -0.902, -1.154]
[INFO] 握到！tau 尖峰 2.7Nm，保持 0.6s
[INFO] 握到！tau 尖峰 2.8Nm，保持 0.6s
[INFO] 保持 t=5.0s FR=[-0.219, -0.983, -1.423] FL=[0.065, -0.902, -1.05]
[INFO] 握到！tau 尖峰 3.3Nm，保持 0.6s
[INFO] 保持 t=6.0s FR=[-0.143, -1.156, -1.161] FL=[0.107, -0.902, -1.05]
[INFO] 握到！tau 尖峰 2.7Nm，保持 0.6s
[INFO] 保持 t=7.0s FR=[-0.164, -0.976, -1.37] FL=[0.056, -0.902, -1.05]
[INFO] 握到！tau 尖峰 3.3Nm，保持 0.6s
[INFO] 握到！tau 尖峰 3.1Nm，保持 0.6s
[INFO] 保持 t=8.0s FR=[-0.248, -0.915, -1.544] FL=[-0.002, -0.902, -1.086]
[INFO] 握到！tau 尖峰 3.1Nm，保持 0.6s
[INFO] 保持 t=9.0s FR=[-0.197, -1.134, -1.356] FL=[0.055, -0.902, -1.05]
[INFO] 握到！tau 尖峰 3.0Nm，保持 0.6s
[INFO] 保持 t=10.0s FR=[-0.134, -1.289, -1.385] FL=[0.061, -0.902, -1.196]
[INFO] 握到！tau 尖峰 3.0Nm，保持 0.6s
[INFO] 握到！tau 尖峰 3.0Nm，保持 0.6s
[INFO] 保持 t=11.0s FR=[-0.208, -1.137, -1.648] FL=[-0.03, -0.902, -1.05]
[INFO] 握到！tau 尖峰 2.5Nm，保持 0.6s
[INFO] 保持 t=12.0s FR=[-0.17, -1.322, -1.359] FL=[0.103, -0.902, -1.152]
[INFO] 握到！tau 尖峰 3.3Nm，保持 0.6s
[INFO] 保持 t=13.0s FR=[-0.111, -1.253, -1.514] FL=[0.072, -0.902, -1.399]
[INFO] 握到！tau 尖峰 3.0Nm，保持 0.6s
[INFO] 手 px=0.48 py=0.29 -> 左爪(FL) hip=0.02 thigh=-1.25 calf=-1.20
[INFO] 保持 t=14.0s FR=[-0.075, -0.915, -1.694] FL=[0.233, -1.098, -1.482]
[INFO] 保持 t=15.0s FR=[-0.075, -0.915, -1.694] FL=[0.233, -1.098, -1.482]
[INFO] 保持 t=16.0s FR=[-0.075, -0.915, -1.694] FL=[0.233, -1.098, -1.482]
[INFO] 手已离开 1500 帧，恢复收回
[INFO] 测试后温度 max=53C。狗已站立（用户要求）；如温度偏高建议尽快趴下/关机
[M8] 趴姿双前腿握手 90.0s (Kp=120.0)
  [检查] 狗已趴卧（官方平衡）: 通过
  [检查] 遥控器在手且可随时接管: 通过
  [检查] 四周 1m 无障碍、地面平整: 通过
  [检查] 观察员在场、无他人靠近: 通过
[INFO] 起始电机温度: max=51 C
[INFO] StandUp() 官方站立 ...
  code: 0
[INFO] StandDown() 官方趴下 ...
  code: 0
[INFO] 低层接管就绪，立即冻结趴姿（防塌）
[INFO] 冻结关节角: [-0.099, 1.215, -2.743, 0.111, 1.227, -2.772, -0.397, 1.335, -2.786, 0.38, 1.352, -2.801]
[INFO] 稳定窗口（纯PD，最长 2.0s）...
[INFO] 稳定后冻结: [-0.099, 1.215, -2.743, 0.111, 1.228, -2.772, -0.397, 1.334, -2.786, 0.38, 1.352, -2.801]
[INFO] 双前腿伸直: FR目标=[-0.099, -0.915, -1.053] FL目标=[0.111, -0.902, -1.082]
[INFO] 手位置流: UDP 127.0.0.1:4300（伸直阶段预热）
[INFO] Kalman 预测: 前推 0.100s，手丢失外推 0.250s
[INFO] 伸直阶段 1180 次（约 2.4s）
[INFO] RL 策略已加载: real_go2/best_mlp_prone_px_v4.npz （50Hz 推理，动作增量+限位+0.05 安全钳）
[INFO] 保持阶段 8263 次（约 16.5s）
[INFO] UDP 流: 收 466 包
[INFO] 收回 FR+FL（回冻结姿态）...
[INFO] FR+FL 已收回（用时 1.6s）
[INFO] 收尾：若已在冻结趴姿直接恢复控制，否则斜坡回 LIE_Q ...
[INFO] 已在冻结趴姿(偏差 0.032rad)，跳过回退，已发 PosStopF
[INFO] SelectMode('mcf') code=0 (attempt 1)
[INFO] SelectMode 阶段用时 3.1s
[INFO] 运动服务已恢复（CheckMode 用时 0.1s），执行 standup() ...
  code: 0 (attempt 1)
[INFO] standup 阶段用时 0.0s；收尾总用时 3.4s（不含手离开确认 3s）
[EVIDENCE] evidence/formal_trials/trial_v4_FORMAL-02-006.json
[RESULT] M8_OK max_track_err=0.5425 rad joint=FR_t pitch=21.82deg
