[INFO] 关节已收敛（max_delta=0.0000）
[INFO] 伸直 t=0.5s FR=[-0.103, -0.786, -1.051] FL=[0.115, -0.773, -1.08]
[INFO] 伸直 t=1.0s FR=[-0.103, -0.916, -1.051] FL=[0.115, -0.903, -1.079]
[INFO] 伸直 t=1.5s FR=[-0.103, -0.916, -1.051] FL=[0.115, -0.903, -1.079]
[INFO] 伸直 t=2.0s FR=[-0.103, -0.916, -1.051] FL=[0.115, -0.903, -1.079]
[INFO] 手 px=0.29 py=0.51 -> 左爪(FL) hip=0.14 thigh=-1.00 calf=-1.10
[INFO] 握到！tau 尖峰 3.8Nm，保持 0.6s
[INFO] 保持 t=1.0s FR=[0.046, -0.916, -1.129] FL=[0.237, -0.967, -1.128]
[INFO] 握到！tau 尖峰 3.7Nm，保持 0.6s
[INFO] 保持 t=2.0s FR=[-0.09, -0.916, -1.352] FL=[0.264, -1.306, -1.144]
[INFO] 握到！tau 尖峰 4.0Nm，保持 0.6s
[INFO] 手 px=0.50 py=0.33 -> 右爪(FR) hip=0.00 thigh=-1.20 calf=-1.18
[INFO] 手 px=0.50 py=0.33 -> 左爪(FL) hip=0.00 thigh=-1.20 calf=-1.19
[INFO] 握到！tau 尖峰 3.6Nm，保持 0.6s
[INFO] 保持 t=3.0s FR=[-0.098, -0.916, -1.286] FL=[0.2, -1.093, -1.202]
[INFO] 握到！tau 尖峰 3.6Nm，保持 0.6s
[INFO] 保持 t=4.0s FR=[-0.021, -0.916, -1.52] FL=[0.367, -1.182, -1.347]
[INFO] 手 px=0.50 py=0.34 -> 右爪(FR) hip=0.00 thigh=-1.19 calf=-1.18
[INFO] 手 px=0.50 py=0.33 -> 左爪(FL) hip=0.00 thigh=-1.20 calf=-1.18
[INFO] 握到！tau 尖峰 4.6Nm，保持 0.6s
[INFO] 保持 t=5.0s FR=[-0.154, -0.916, -1.644] FL=[0.232, -1.338, -1.094]
[INFO] 握到！tau 尖峰 3.7Nm，保持 0.6s
[INFO] 保持 t=6.0s FR=[-0.011, -0.916, -1.307] FL=[0.35, -1.121, -1.552]
[INFO] 握到！tau 尖峰 3.7Nm，保持 0.6s
[INFO] 握到！tau 尖峰 3.5Nm，保持 0.6s
[INFO] 保持 t=7.0s FR=[-0.038, -0.916, -1.498] FL=[0.276, -1.382, -1.05]
[INFO] 握到！tau 尖峰 4.1Nm，保持 0.6s
[INFO] 保持 t=8.0s FR=[0.039, -0.916, -1.129] FL=[0.361, -1.114, -1.477]
[INFO] 握到！tau 尖峰 4.6Nm，保持 0.6s
[INFO] 保持 t=9.0s FR=[0.034, -0.916, -1.463] FL=[0.317, -1.392, -1.143]
[INFO] 握到！tau 尖峰 4.0Nm，保持 0.6s
[INFO] 手 px=0.50 py=0.29 -> 右爪(FR) hip=0.00 thigh=-1.25 calf=-1.21
[INFO] 手 px=0.50 py=0.29 -> 左爪(FL) hip=0.00 thigh=-1.25 calf=-1.20
[INFO] 握到！tau 尖峰 3.9Nm，保持 0.6s
[INFO] 手 px=0.50 py=0.31 -> 右爪(FR) hip=0.00 thigh=-1.23 calf=-1.20
[INFO] 保持 t=10.0s FR=[-0.183, -0.916, -1.53] FL=[0.228, -1.129, -1.383]
[INFO] 手 px=0.50 py=0.33 -> 左爪(FL) hip=0.00 thigh=-1.20 calf=-1.18
[INFO] 握到！tau 尖峰 3.4Nm，保持 0.6s
[INFO] 保持 t=11.0s FR=[-0.091, -0.916, -1.524] FL=[0.253, -0.903, -1.324]
[INFO] 握到！tau 尖峰 4.2Nm，保持 0.6s
[INFO] 保持 t=12.0s FR=[-0.099, -0.916, -1.48] FL=[0.258, -1.372, -1.086]
[INFO] 握到！tau 尖峰 3.8Nm，保持 0.6s
[INFO] 保持 t=13.0s FR=[0.048, -0.916, -1.223] FL=[0.352, -1.121, -1.446]
[INFO] 握到！tau 尖峰 2.7Nm，保持 0.6s
[INFO] 握到！tau 尖峰 4.1Nm，保持 0.6s
[INFO] 保持 t=14.0s FR=[-0.006, -0.916, -1.477] FL=[0.273, -1.389, -1.061]
[INFO] 握到！tau 尖峰 3.5Nm，保持 0.6s
[INFO] 保持 t=15.0s FR=[-0.062, -0.916, -1.386] FL=[0.298, -1.173, -1.41]
[INFO] 握到！tau 尖峰 3.8Nm，保持 0.6s
[INFO] 手 px=0.50 py=0.34 -> 右爪(FR) hip=0.00 thigh=-1.19 calf=-1.18
[INFO] 手 px=0.50 py=0.33 -> 左爪(FL) hip=0.00 thigh=-1.20 calf=-1.18
[INFO] 握到！tau 尖峰 3.7Nm，保持 0.6s
[INFO] 保持 t=16.0s FR=[0.16, -0.916, -1.225] FL=[0.402, -1.104, -1.413]
[INFO] 手 px=0.50 py=0.36 -> 右爪(FR) hip=0.00 thigh=-1.17 calf=-1.17
[INFO] 手 px=0.49 py=0.35 -> 左爪(FL) hip=0.00 thigh=-1.18 calf=-1.18
[INFO] 握到！tau 尖峰 3.7Nm，保持 0.6s
[INFO] 保持 t=17.0s FR=[-0.063, -0.916, -1.304] FL=[0.206, -1.106, -1.137]
[INFO] 握到！tau 尖峰 3.7Nm，保持 0.6s
[INFO] 保持 t=18.0s FR=[-0.08, -0.916, -1.632] FL=[0.234, -0.903, -1.392]
[INFO] 握到！tau 尖峰 3.0Nm，保持 0.6s
[INFO] 保持 t=19.0s FR=[0.01, -0.916, -1.521] FL=[0.373, -1.225, -1.378]
[INFO] 握到！tau 尖峰 3.9Nm，保持 0.6s
[INFO] 保持 t=20.0s FR=[-0.096, -0.916, -1.263] FL=[0.254, -1.293, -1.322]
[INFO] 握到！tau 尖峰 3.8Nm，保持 0.6s
[INFO] 手 px=0.50 py=0.34 -> 右爪(FR) hip=0.00 thigh=-1.19 calf=-1.18
[INFO] 手 px=0.49 py=0.34 -> 左爪(FL) hip=0.00 thigh=-1.19 calf=-1.18
[INFO] 握到！tau 尖峰 3.8Nm，保持 0.6s
[INFO] 手 px=0.50 py=0.35 -> 右爪(FR) hip=0.00 thigh=-1.18 calf=-1.18
[INFO] 保持 t=21.0s FR=[0.101, -0.916, -1.05] FL=[0.298, -1.27, -1.285]
[INFO] 手 px=0.50 py=0.34 -> 左爪(FL) hip=0.00 thigh=-1.19 calf=-1.18
[INFO] 握到！tau 尖峰 3.3Nm，保持 0.6s
[INFO] 手 px=0.50 py=0.30 -> 右爪(FR) hip=0.00 thigh=-1.23 calf=-1.20
[INFO] 保持 t=22.0s FR=[-0.167, -0.925, -1.596] FL=[0.106, -1.309, -1.136]
[INFO] 保持 t=23.0s FR=[-0.001, -1.084, -1.54] FL=[0.151, -0.949, -1.379]
[INFO] 保持 t=24.0s FR=[-0.001, -1.084, -1.54] FL=[0.151, -0.949, -1.379]
[INFO] 保持 t=25.0s FR=[-0.001, -1.084, -1.54] FL=[0.151, -0.949, -1.379]
[INFO] 手已离开 1500 帧，恢复收回
[INFO] 测试后温度 max=58C。狗已站立（用户要求）；如温度偏高建议尽快趴下/关机
[M8] 趴姿双前腿握手 90.0s (Kp=120.0)
  [检查] 狗已趴卧（官方平衡）: 通过
  [检查] 遥控器在手且可随时接管: 通过
  [检查] 四周 1m 无障碍、地面平整: 通过
  [检查] 观察员在场、无他人靠近: 通过
[INFO] 起始电机温度: max=56 C
[INFO] StandUp() 官方站立 ...
  code: 0
[INFO] StandDown() 官方趴下 ...
  code: 0
[INFO] 低层接管就绪，立即冻结趴姿（防塌）
[INFO] 冻结关节角: [-0.103, 1.214, -2.741, 0.115, 1.227, -2.769, -0.38, 1.315, -2.793, 0.368, 1.333, -2.805]
[INFO] 稳定窗口（纯PD，最长 2.0s）...
[INFO] 稳定后冻结: [-0.103, 1.214, -2.741, 0.115, 1.227, -2.769, -0.38, 1.312, -2.793, 0.368, 1.333, -2.805]
[INFO] 双前腿伸直: FR目标=[-0.103, -0.916, -1.051] FL目标=[0.115, -0.903, -1.079]
[INFO] 手位置流: UDP 127.0.0.1:4300（伸直阶段预热）
[INFO] Kalman 预测: 前推 0.100s，手丢失外推 0.250s
[INFO] 伸直阶段 1218 次（约 2.4s）
[INFO] RL 策略已加载: real_go2/best_mlp_prone_px_v4.npz （50Hz 推理，动作增量+限位+0.05 安全钳）
[INFO] 保持阶段 12616 次（约 25.2s）
[INFO] UDP 流: 收 708 包
[INFO] 收回 FR+FL（回冻结姿态）...
[INFO] FR+FL 已收回（用时 1.6s）
[INFO] 收尾：若已在冻结趴姿直接恢复控制，否则斜坡回 LIE_Q ...
[INFO] 已在冻结趴姿(偏差 0.042rad)，跳过回退，已发 PosStopF
[INFO] SelectMode('mcf') code=0 (attempt 1)
[INFO] SelectMode 阶段用时 3.1s
[INFO] 运动服务已恢复（CheckMode 用时 0.1s），执行 standup() ...
  code: 0 (attempt 1)
[INFO] standup 阶段用时 0.0s；收尾总用时 3.4s（不含手离开确认 3s）
[EVIDENCE] evidence/formal_trials/trial_v4_FORMAL-02-009.json
[RESULT] M8_OK max_track_err=0.5172 rad joint=FR_t pitch=21.46deg
