[INFO] 关节已收敛（max_delta=0.0000）
[INFO] 伸直 t=0.5s FR=[-0.094, -0.783, -1.052] FL=[0.111, -0.772, -1.081]
[INFO] 伸直 t=1.0s FR=[-0.094, -0.913, -1.052] FL=[0.111, -0.902, -1.08]
[INFO] 伸直 t=1.5s FR=[-0.094, -0.913, -1.052] FL=[0.111, -0.902, -1.08]
[INFO] 伸直 t=2.0s FR=[-0.094, -0.913, -1.052] FL=[0.111, -0.902, -1.08]
[INFO] 手 px=0.30 py=0.60 -> 左爪(FL) hip=0.14 thigh=-0.90 calf=-1.05
[INFO] 握到！tau 尖峰 3.5Nm，保持 0.6s
[INFO] 保持 t=1.0s FR=[0.026, -0.913, -1.219] FL=[0.233, -0.904, -1.17]
[INFO] 握到！tau 尖峰 3.2Nm，保持 0.6s
[INFO] 保持 t=2.0s FR=[-0.013, -0.913, -1.459] FL=[0.374, -1.301, -1.199]
[INFO] 握到！tau 尖峰 3.2Nm，保持 0.6s
[INFO] 保持 t=3.0s FR=[-0.156, -0.913, -1.53] FL=[0.235, -1.179, -1.299]
[INFO] 握到！tau 尖峰 4.1Nm，保持 0.6s
[INFO] 握到！tau 尖峰 4.2Nm，保持 0.6s
[INFO] 保持 t=4.0s FR=[-0.009, -0.913, -1.551] FL=[0.371, -1.188, -1.298]
[INFO] 握到！tau 尖峰 3.8Nm，保持 0.6s
[INFO] 保持 t=5.0s FR=[-0.027, -0.913, -1.2] FL=[0.257, -1.26, -1.29]
[INFO] 握到！tau 尖峰 3.9Nm，保持 0.6s
[INFO] 保持 t=6.0s FR=[0.015, -0.913, -1.457] FL=[0.378, -1.224, -1.298]
[INFO] 握到！tau 尖峰 4.4Nm，保持 0.6s
[INFO] 握到！tau 尖峰 4.0Nm，保持 0.6s
[INFO] 保持 t=7.0s FR=[-0.096, -0.913, -1.508] FL=[0.249, -1.344, -1.057]
[INFO] 握到！tau 尖峰 3.5Nm，保持 0.6s
[INFO] 保持 t=8.0s FR=[-0.063, -0.913, -1.483] FL=[0.304, -1.043, -1.545]
[INFO] 握到！tau 尖峰 4.3Nm，保持 0.6s
[INFO] 保持 t=9.0s FR=[-0.064, -0.913, -1.518] FL=[0.3, -1.284, -1.17]
[INFO] 握到！tau 尖峰 3.5Nm，保持 0.6s
[INFO] 握到！tau 尖峰 3.1Nm，保持 0.6s
[INFO] 保持 t=10.0s FR=[-0.052, -0.913, -1.189] FL=[0.241, -1.051, -1.311]
[INFO] 握到！tau 尖峰 3.6Nm，保持 0.6s
[INFO] 保持 t=11.0s FR=[0.042, -0.913, -1.23] FL=[0.271, -0.902, -1.29]
[INFO] 握到！tau 尖峰 3.2Nm，保持 0.6s
[INFO] 保持 t=12.0s FR=[-0.028, -0.913, -1.507] FL=[0.34, -1.026, -1.35]
[INFO] 握到！tau 尖峰 3.5Nm，保持 0.6s
[INFO] 保持 t=13.0s FR=[-0.13, -0.913, -1.47] FL=[0.25, -1.346, -1.05]
[INFO] 握到！tau 尖峰 4.0Nm，保持 0.6s
[INFO] 握到！tau 尖峰 3.8Nm，保持 0.6s
[INFO] 保持 t=14.0s FR=[-0.082, -0.913, -1.729] FL=[0.293, -1.06, -1.47]
[INFO] 握到！tau 尖峰 4.0Nm，保持 0.6s
[INFO] 保持 t=15.0s FR=[-0.076, -0.913, -1.571] FL=[0.294, -1.383, -1.088]
[INFO] 握到！tau 尖峰 4.0Nm，保持 0.6s
[INFO] 保持 t=16.0s FR=[-0.058, -0.913, -1.554] FL=[0.272, -1.311, -1.157]
[INFO] 握到！tau 尖峰 4.4Nm，保持 0.6s
[INFO] 保持 t=17.0s FR=[-0.019, -0.913, -1.16] FL=[0.197, -1.233, -1.197]
[INFO] 保持 t=18.0s FR=[-0.019, -0.913, -1.16] FL=[0.197, -1.233, -1.197]
[INFO] 保持 t=19.0s FR=[-0.019, -0.913, -1.16] FL=[0.197, -1.233, -1.197]
[INFO] 手已离开 1500 帧，恢复收回
[INFO] 测试后温度 max=56C。狗已站立（用户要求）；如温度偏高建议尽快趴下/关机
[M8] 趴姿双前腿握手 90.0s (Kp=120.0)
  [检查] 狗已趴卧（官方平衡）: 通过
  [检查] 遥控器在手且可随时接管: 通过
  [检查] 四周 1m 无障碍、地面平整: 通过
  [检查] 观察员在场、无他人靠近: 通过
[INFO] 起始电机温度: max=55 C
[INFO] StandUp() 官方站立 ...
  code: 0
[INFO] StandDown() 官方趴下 ...
  code: 0
[INFO] 低层接管就绪，立即冻结趴姿（防塌）
[INFO] 冻结关节角: [-0.094, 1.217, -2.742, 0.111, 1.227, -2.77, -0.406, 1.323, -2.775, 0.396, 1.335, -2.791]
[INFO] 稳定窗口（纯PD，最长 2.0s）...
[INFO] 稳定后冻结: [-0.094, 1.217, -2.742, 0.111, 1.228, -2.77, -0.406, 1.317, -2.775, 0.396, 1.334, -2.791]
[INFO] 双前腿伸直: FR目标=[-0.094, -0.913, -1.052] FL目标=[0.111, -0.902, -1.08]
[INFO] 手位置流: UDP 127.0.0.1:4300（伸直阶段预热）
[INFO] Kalman 预测: 前推 0.100s，手丢失外推 0.250s
[INFO] 伸直阶段 1208 次（约 2.4s）
[INFO] RL 策略已加载: real_go2/best_mlp_prone_px_v4.npz （50Hz 推理，动作增量+限位+0.05 安全钳）
[INFO] 保持阶段 9729 次（约 19.5s）
[INFO] UDP 流: 收 552 包
[INFO] 收回 FR+FL（回冻结姿态）...
[INFO] FR+FL 已收回（用时 1.6s）
[INFO] 收尾：若已在冻结趴姿直接恢复控制，否则斜坡回 LIE_Q ...
[INFO] 已在冻结趴姿(偏差 0.031rad)，跳过回退，已发 PosStopF
[INFO] SelectMode('mcf') code=0 (attempt 1)
[INFO] SelectMode 阶段用时 3.1s
[INFO] 运动服务已恢复（CheckMode 用时 0.1s），执行 standup() ...
  code: 0 (attempt 1)
[INFO] standup 阶段用时 0.0s；收尾总用时 3.4s（不含手离开确认 3s）
[EVIDENCE] evidence/formal_trials/trial_v4_FORMAL-02-008.json
[RESULT] M8_OK max_track_err=0.5471 rad joint=FR_t pitch=21.26deg
