[INFO] 关节已收敛（max_delta=0.0001）
[INFO] 伸直 t=0.5s FR=[-0.081, -0.773, -1.05] FL=[0.063, -0.745, -1.102]
[INFO] 伸直 t=1.0s FR=[-0.081, -0.903, -1.049] FL=[0.063, -0.875, -1.101]
[INFO] 伸直 t=1.5s FR=[-0.081, -0.903, -1.049] FL=[0.063, -0.875, -1.101]
[INFO] 伸直 t=2.0s FR=[-0.081, -0.903, -1.049] FL=[0.063, -0.875, -1.101]
[INFO] 手 px=0.33 py=0.52 -> 左爪(FL) hip=0.12 thigh=-0.99 calf=-1.09
[INFO] 保持 t=1.0s FR=[0.012, -0.903, -1.23] FL=[0.193, -0.929, -1.101]
[INFO] 握到！tau 尖峰 4.4Nm，保持 0.6s
[INFO] 保持 t=2.0s FR=[-0.065, -0.903, -1.35] FL=[0.172, -0.875, -1.17]
[INFO] 保持 t=3.0s FR=[-0.159, -0.903, -1.532] FL=[0.195, -0.875, -1.343]
[INFO] 保持 t=4.0s FR=[0.056, -0.903, -1.38] FL=[0.283, -0.995, -1.374]
[INFO] 握到！tau 尖峰 3.6Nm，保持 0.6s
[INFO] 握到！tau 尖峰 3.5Nm，保持 0.6s
[INFO] 保持 t=5.0s FR=[0.101, -0.903, -1.248] FL=[0.413, -1.322, -1.285]
[INFO] 握到！tau 尖峰 3.3Nm，保持 0.6s
[INFO] 保持 t=6.0s FR=[0.02, -0.903, -1.182] FL=[0.295, -1.33, -1.233]
[INFO] 握到！tau 尖峰 3.1Nm，保持 0.6s
[INFO] 保持 t=7.0s FR=[0.057, -0.903, -1.535] FL=[0.36, -1.3, -1.241]
[INFO] 握到！tau 尖峰 3.3Nm，保持 0.6s
[INFO] 保持 t=8.0s FR=[-0.069, -0.903, -1.19] FL=[0.269, -1.301, -1.301]
[INFO] 握到！tau 尖峰 3.8Nm，保持 0.6s
[INFO] 握到！tau 尖峰 4.3Nm，保持 0.6s
[INFO] 保持 t=9.0s FR=[0.017, -0.903, -1.52] FL=[0.321, -1.367, -1.2]
[INFO] 握到！tau 尖峰 4.3Nm，保持 0.6s
[INFO] 保持 t=10.0s FR=[0.003, -0.903, -1.237] FL=[0.29, -1.261, -1.326]
[INFO] 握到！tau 尖峰 3.1Nm，保持 0.6s
[INFO] 保持 t=11.0s FR=[-0.017, -0.903, -1.556] FL=[0.365, -1.273, -1.291]
[INFO] 握到！tau 尖峰 3.3Nm，保持 0.6s
[INFO] 保持 t=12.0s FR=[0.027, -0.903, -1.634] FL=[0.286, -1.293, -1.23]
[INFO] 保持 t=13.0s FR=[0.027, -0.903, -1.634] FL=[0.286, -1.293, -1.23]
[INFO] 保持 t=14.0s FR=[0.027, -0.903, -1.634] FL=[0.286, -1.293, -1.23]
[INFO] 手已离开 1500 帧，恢复收回
[ABORT] TRACKING_ERROR: joint=FL_t err=0.6004 rad target=0.443 meas=-0.158
[INFO] 测试后温度 max=40C。狗已站立（用户要求）；如温度偏高建议尽快趴下/关机
[M8] 趴姿双前腿握手 90.0s (Kp=120.0)
  [检查] 狗已趴卧（官方平衡）: 通过
  [检查] 遥控器在手且可随时接管: 通过
  [检查] 四周 1m 无障碍、地面平整: 通过
  [检查] 观察员在场、无他人靠近: 通过
[INFO] 起始电机温度: max=38 C
[INFO] StandUp() 官方站立 ...
  code: 0
[INFO] StandDown() 官方趴下 ...
  code: 0
[INFO] 低层接管就绪，立即冻结趴姿（防塌）
[INFO] 冻结关节角: [-0.081, 1.227, -2.739, 0.062, 1.254, -2.791, -0.337, 1.276, -2.808, 0.348, 1.263, -2.805]
[INFO] 稳定窗口（纯PD，最长 2.0s）...
[INFO] 稳定后冻结: [-0.081, 1.227, -2.739, 0.063, 1.255, -2.791, -0.341, 1.275, -2.808, 0.348, 1.263, -2.805]
[INFO] 双前腿伸直: FR目标=[-0.081, -0.903, -1.049] FL目标=[0.063, -0.875, -1.101]
[INFO] 手位置流: UDP 127.0.0.1:4300（伸直阶段预热）
[INFO] Kalman 预测: 前推 0.100s，手丢失外推 0.250s
[INFO] 伸直阶段 1155 次（约 2.3s）
[INFO] RL 策略已加载: real_go2/best_mlp_prone_px_v4.npz （50Hz 推理，动作增量+限位+0.05 安全钳）
[INFO] 保持阶段 7319 次（约 14.6s）
[INFO] UDP 流: 收 433 包
[INFO] 收回 FR+FL（回冻结姿态）...
[INFO] FR+FL 已收回（用时 0.6s）
[INFO] 收尾：若已在冻结趴姿直接恢复控制，否则斜坡回 LIE_Q ...
[INFO] 已回退 LIE_Q（1.4s）并发送 PosStopF
[INFO] SelectMode('mcf') code=0 (attempt 1)
[INFO] SelectMode 阶段用时 3.1s
[INFO] 运动服务已恢复（CheckMode 用时 0.1s），执行 standup() ...
  code: 0 (attempt 1)
[INFO] standup 阶段用时 0.0s；收尾总用时 5.6s（不含手离开确认 3s）
[EVIDENCE] evidence/formal_trials/trial_v4_FORMAL-02-002.json
[RESULT] M8_ABORTED reason=TRACKING_ERROR
