[INFO] 关节已收敛（max_delta=0.0001）
[INFO] 伸直 t=0.5s FR=[-0.056, -0.757, -1.062] FL=[0.036, -0.728, -1.116]
[INFO] 伸直 t=1.0s FR=[-0.056, -0.887, -1.061] FL=[0.036, -0.858, -1.115]
[INFO] 伸直 t=1.5s FR=[-0.056, -0.887, -1.061] FL=[0.036, -0.858, -1.115]
[INFO] 伸直 t=2.0s FR=[-0.056, -0.887, -1.061] FL=[0.036, -0.858, -1.115]
[INFO] 手 px=0.70 py=0.65 -> 右爪(FR) hip=0.14 thigh=-0.90 calf=-1.05
[INFO] 握到！tau 尖峰 3.1Nm，保持 0.6s
[INFO] 保持 t=1.0s FR=[-0.161, -0.938, -1.343] FL=[0.048, -0.858, -1.05]
[INFO] 握到！tau 尖峰 3.2Nm，保持 0.6s
[INFO] 握到！tau 尖峰 3.1Nm，保持 0.6s
[INFO] 保持 t=2.0s FR=[-0.231, -0.887, -1.562] FL=[-0.016, -0.858, -1.076]
[INFO] 握到！tau 尖峰 2.8Nm，保持 0.6s
[INFO] 保持 t=3.0s FR=[-0.222, -1.033, -1.32] FL=[0.039, -0.858, -1.05]
[INFO] 握到！tau 尖峰 3.2Nm，保持 0.6s
[INFO] 保持 t=4.0s FR=[-0.138, -1.095, -1.28] FL=[0.066, -0.858, -1.05]
[INFO] 握到！tau 尖峰 2.8Nm，保持 0.6s
[INFO] 握到！tau 尖峰 2.6Nm，保持 0.6s
[INFO] 保持 t=5.0s FR=[-0.227, -0.887, -1.522] FL=[-0.009, -0.858, -1.107]
[INFO] 握到！tau 尖峰 3.0Nm，保持 0.6s
[INFO] 保持 t=6.0s FR=[-0.208, -1.317, -1.469] FL=[0.047, -0.858, -1.149]
[INFO] 握到！tau 尖峰 2.6Nm，保持 0.6s
[INFO] 握到！tau 尖峰 3.3Nm，保持 0.6s
[INFO] 保持 t=7.0s FR=[-0.118, -1.353, -1.405] FL=[0.053, -0.858, -1.369]
[INFO] 保持 t=8.0s FR=[-0.09, -1.336, -1.493] FL=[0.065, -0.858, -1.41]
[INFO] 握到！tau 尖峰 4.8Nm，保持 0.6s
[INFO] 保持 t=9.0s FR=[-0.221, -1.007, -1.445] FL=[0.037, -0.858, -1.05]
[INFO] 握到！tau 尖峰 2.8Nm，保持 0.6s
[INFO] 保持 t=10.0s FR=[-0.095, -1.261, -1.244] FL=[0.113, -0.858, -1.246]
[INFO] 握到！tau 尖峰 3.6Nm，保持 0.6s
[INFO] 握到！tau 尖峰 3.5Nm，保持 0.6s
[INFO] 保持 t=11.0s FR=[-0.186, -1.196, -1.325] FL=[0.068, -0.858, -1.05]
[INFO] 保持 t=12.0s FR=[-0.186, -1.196, -1.325] FL=[0.068, -0.858, -1.05]
[INFO] 保持 t=13.0s FR=[-0.186, -1.196, -1.325] FL=[0.068, -0.858, -1.05]
[INFO] 手已离开 1500 帧，恢复收回
[INFO] 测试后温度 max=34C。狗已站立（用户要求）；如温度偏高建议尽快趴下/关机
[M8] 趴姿双前腿握手 90.0s (Kp=120.0)
  [检查] 狗已趴卧（官方平衡）: 通过
  [检查] 遥控器在手且可随时接管: 通过
  [检查] 四周 1m 无障碍、地面平整: 通过
  [检查] 观察员在场、无他人靠近: 通过
[INFO] 起始电机温度: max=33 C
[INFO] StandUp() 官方站立 ...
  code: 0
[INFO] StandDown() 官方趴下 ...
  code: 0
[INFO] 低层接管就绪，立即冻结趴姿（防塌）
[INFO] 冻结关节角: [-0.056, 1.243, -2.751, 0.037, 1.271, -2.805, -0.341, 1.287, -2.816, 0.341, 1.273, -2.816]
[INFO] 稳定窗口（纯PD，最长 2.0s）...
[INFO] 稳定后冻结: [-0.056, 1.243, -2.751, 0.036, 1.272, -2.805, -0.341, 1.286, -2.816, 0.341, 1.273, -2.816]
[INFO] 双前腿伸直: FR目标=[-0.056, -0.887, -1.061] FL目标=[0.036, -0.858, -1.115]
[INFO] 手位置流: UDP 127.0.0.1:4300（伸直阶段预热）
[INFO] Kalman 预测: 前推 0.100s，手丢失外推 0.250s
[INFO] 伸直阶段 1182 次（约 2.4s）
[INFO] RL 策略已加载: real_go2/best_mlp_prone_px_v4.npz （50Hz 推理，动作增量+限位+0.05 安全钳）
[INFO] 保持阶段 6905 次（约 13.8s）
[INFO] UDP 流: 收 391 包
[INFO] 收回 FR+FL（回冻结姿态）...
[INFO] FR+FL 已收回（用时 1.7s）
[INFO] 收尾：若已在冻结趴姿直接恢复控制，否则斜坡回 LIE_Q ...
[INFO] 已在冻结趴姿(偏差 0.048rad)，跳过回退，已发 PosStopF
[INFO] SelectMode('mcf') code=0 (attempt 1)
[INFO] SelectMode 阶段用时 3.1s
[INFO] 运动服务已恢复（CheckMode 用时 0.1s），执行 standup() ...
  code: 0 (attempt 1)
[INFO] standup 阶段用时 0.0s；收尾总用时 3.4s（不含手离开确认 3s）
[EVIDENCE] evidence/formal_trials/trial_v4_FORMAL-02-001.json
[RESULT] M8_OK max_track_err=0.5669 rad joint=FL_t pitch=20.87deg
