[INFO] 关节已收敛（max_delta=0.0001）
[INFO] 伸直 t=0.5s FR=[-0.081, -0.775, -1.05] FL=[0.077, -0.751, -1.094]
[INFO] 伸直 t=1.0s FR=[-0.081, -0.905, -1.05] FL=[0.077, -0.881, -1.093]
[INFO] 伸直 t=1.5s FR=[-0.081, -0.905, -1.05] FL=[0.077, -0.881, -1.093]
[INFO] 伸直 t=2.0s FR=[-0.081, -0.905, -1.05] FL=[0.077, -0.881, -1.093]
[INFO] 手 px=0.32 py=0.48 -> 左爪(FL) hip=0.12 thigh=-1.03 calf=-1.11
[INFO] 握到！tau 尖峰 3.6Nm，保持 0.6s
[INFO] 保持 t=1.0s FR=[0.017, -0.905, -1.321] FL=[0.221, -1.251, -1.059]
[INFO] 握到！tau 尖峰 4.2Nm，保持 0.6s
[INFO] 握到！tau 尖峰 3.9Nm，保持 0.6s
[INFO] 保持 t=2.0s FR=[-0.032, -0.905, -1.369] FL=[0.346, -1.114, -1.5]
[INFO] 握到！tau 尖峰 4.0Nm，保持 0.6s
[INFO] 保持 t=3.0s FR=[-0.05, -0.905, -1.523] FL=[0.306, -1.397, -1.093]
[INFO] 握到！tau 尖峰 3.7Nm，保持 0.6s
[INFO] 保持 t=4.0s FR=[0.066, -0.905, -1.133] FL=[0.354, -1.113, -1.483]
[INFO] 握到！tau 尖峰 4.7Nm，保持 0.6s
[INFO] 保持 t=5.0s FR=[-0.004, -0.905, -1.369] FL=[0.265, -1.379, -1.052]
[INFO] 握到！tau 尖峰 3.9Nm，保持 0.6s
[INFO] 保持 t=6.0s FR=[-0.155, -0.905, -1.365] FL=[0.178, -0.881, -1.328]
[INFO] 保持 t=7.0s FR=[-0.051, -0.905, -1.232] FL=[0.231, -0.929, -1.132]
[INFO] 握到！tau 尖峰 3.4Nm，保持 0.6s
[INFO] 握到！tau 尖峰 4.1Nm，保持 0.6s
[INFO] 保持 t=8.0s FR=[0.082, -0.905, -1.156] FL=[0.34, -1.104, -1.448]
[INFO] 握到！tau 尖峰 4.0Nm，保持 0.6s
[INFO] 保持 t=9.0s FR=[0.029, -0.905, -1.35] FL=[0.302, -1.305, -1.088]
[INFO] 握到！tau 尖峰 4.2Nm，保持 0.6s
[INFO] 保持 t=10.0s FR=[-0.047, -0.905, -1.256] FL=[0.285, -1.079, -1.358]
[INFO] 握到！tau 尖峰 2.9Nm，保持 0.6s
[INFO] 保持 t=11.0s FR=[-0.016, -0.905, -1.606] FL=[0.343, -1.184, -1.23]
[INFO] 握到！tau 尖峰 3.8Nm，保持 0.6s
[INFO] 保持 t=12.0s FR=[-0.167, -0.905, -1.53] FL=[0.215, -1.209, -1.243]
[INFO] 握到！tau 尖峰 4.6Nm，保持 0.6s
[INFO] 握到！tau 尖峰 4.6Nm，保持 0.6s
[INFO] 保持 t=13.0s FR=[0.058, -0.905, -1.358] FL=[0.253, -0.912, -1.446]
[INFO] 保持 t=14.0s FR=[0.058, -0.905, -1.358] FL=[0.253, -0.912, -1.446]
[INFO] 保持 t=15.0s FR=[0.058, -0.905, -1.358] FL=[0.253, -0.912, -1.446]
[INFO] 手已离开 1500 帧，恢复收回
[INFO] 测试后温度 max=46C。狗已站立（用户要求）；如温度偏高建议尽快趴下/关机
[M8] 趴姿双前腿握手 90.0s (Kp=120.0)
  [检查] 狗已趴卧（官方平衡）: 通过
  [检查] 遥控器在手且可随时接管: 通过
  [检查] 四周 1m 无障碍、地面平整: 通过
  [检查] 观察员在场、无他人靠近: 通过
[INFO] 起始电机温度: max=44 C
[INFO] StandUp() 官方站立 ...
  code: 0
[INFO] StandDown() 官方趴下 ...
  code: 0
[INFO] 低层接管就绪，立即冻结趴姿（防塌）
[INFO] 冻结关节角: [-0.081, 1.225, -2.74, 0.076, 1.248, -2.783, -0.349, 1.273, -2.8, 0.356, 1.263, -2.801]
[INFO] 稳定窗口（纯PD，最长 2.0s）...
[INFO] 稳定后冻结: [-0.081, 1.225, -2.74, 0.077, 1.249, -2.783, -0.349, 1.273, -2.8, 0.356, 1.263, -2.802]
[INFO] 双前腿伸直: FR目标=[-0.081, -0.905, -1.05] FL目标=[0.077, -0.881, -1.093]
[INFO] 手位置流: UDP 127.0.0.1:4300（伸直阶段预热）
[INFO] Kalman 预测: 前推 0.100s，手丢失外推 0.250s
[INFO] 伸直阶段 1224 次（约 2.4s）
[INFO] RL 策略已加载: real_go2/best_mlp_prone_px_v4.npz （50Hz 推理，动作增量+限位+0.05 安全钳）
[INFO] 保持阶段 7984 次（约 16.0s）
[INFO] UDP 流: 收 470 包
[INFO] 收回 FR+FL（回冻结姿态）...
[INFO] FR+FL 已收回（用时 1.5s）
[INFO] 收尾：若已在冻结趴姿直接恢复控制，否则斜坡回 LIE_Q ...
[INFO] 已在冻结趴姿(偏差 0.037rad)，跳过回退，已发 PosStopF
[INFO] SelectMode('mcf') code=0 (attempt 1)
[INFO] SelectMode 阶段用时 3.1s
[INFO] 运动服务已恢复（CheckMode 用时 0.1s），执行 standup() ...
  code: 0 (attempt 1)
[INFO] standup 阶段用时 0.0s；收尾总用时 3.4s（不含手离开确认 3s）
[EVIDENCE] evidence/formal_trials/trial_v4_FORMAL-02-003.json
[RESULT] M8_OK max_track_err=0.5410 rad joint=FR_t pitch=20.98deg
