[INFO] 关节已收敛（max_delta=0.0001）
[INFO] 伸直 t=0.5s FR=[-0.103, -0.785, -1.052] FL=[0.114, -0.773, -1.082]
[INFO] 伸直 t=1.0s FR=[-0.103, -0.915, -1.051] FL=[0.114, -0.903, -1.082]
[INFO] 伸直 t=1.5s FR=[-0.103, -0.915, -1.051] FL=[0.114, -0.903, -1.082]
[INFO] 伸直 t=2.0s FR=[-0.103, -0.915, -1.051] FL=[0.114, -0.903, -1.082]
[INFO] 手 px=0.69 py=0.32 -> 右爪(FR) hip=0.14 thigh=-1.21 calf=-1.19
[INFO] 握到！tau 尖峰 2.8Nm，保持 0.6s
[INFO] 保持 t=1.0s FR=[-0.259, -0.946, -1.598] FL=[-0.039, -0.903, -1.05]
[INFO] 握到！tau 尖峰 2.9Nm，保持 0.6s
[INFO] 握到！tau 尖峰 2.9Nm，保持 0.6s
[INFO] 保持 t=2.0s FR=[-0.194, -1.15, -1.381] FL=[0.074, -0.903, -1.05]
[INFO] 握到！tau 尖峰 3.0Nm，保持 0.6s
[INFO] 保持 t=3.0s FR=[-0.119, -1.243, -1.344] FL=[0.085, -0.903, -1.344]
[INFO] 握到！tau 尖峰 2.3Nm，保持 0.6s
[INFO] 保持 t=4.0s FR=[-0.212, -1.025, -1.621] FL=[0.0, -0.903, -1.072]
[INFO] 握到！tau 尖峰 2.9Nm，保持 0.6s
[INFO] 保持 t=5.0s FR=[-0.184, -1.121, -1.295] FL=[0.103, -0.903, -1.05]
[INFO] 握到！tau 尖峰 2.8Nm，保持 0.6s
[INFO] 握到！tau 尖峰 2.5Nm，保持 0.6s
[INFO] 保持 t=6.0s FR=[-0.15, -1.144, -1.235] FL=[0.105, -0.903, -1.074]
[INFO] 握到！tau 尖峰 3.0Nm，保持 0.6s
[INFO] 保持 t=7.0s FR=[-0.224, -0.949, -1.485] FL=[0.009, -0.903, -1.113]
[INFO] 握到！tau 尖峰 2.9Nm，保持 0.6s
[INFO] 保持 t=8.0s FR=[-0.242, -0.995, -1.456] FL=[0.029, -0.903, -1.05]
[INFO] 握到！tau 尖峰 2.8Nm，保持 0.6s
[INFO] 握到！tau 尖峰 2.7Nm，保持 0.6s
[INFO] 保持 t=9.0s FR=[-0.125, -1.2, -1.177] FL=[0.107, -0.903, -1.05]
[INFO] 握到！tau 尖峰 3.5Nm，保持 0.6s
[INFO] 保持 t=10.0s FR=[-0.207, -1.025, -1.652] FL=[-0.027, -0.903, -1.228]
[INFO] 握到！tau 尖峰 2.7Nm，保持 0.6s
[INFO] 保持 t=11.0s FR=[-0.204, -1.201, -1.439] FL=[0.056, -0.903, -1.05]
[INFO] 握到！tau 尖峰 3.6Nm，保持 0.6s
[INFO] 保持 t=12.0s FR=[-0.116, -1.302, -1.303] FL=[0.121, -0.903, -1.272]
[INFO] 握到！tau 尖峰 2.3Nm，保持 0.6s
[INFO] 保持 t=13.0s FR=[-0.178, -0.97, -1.383] FL=[0.055, -0.903, -1.05]
[INFO] 握到！tau 尖峰 3.2Nm，保持 0.6s
[INFO] 握到！tau 尖峰 3.4Nm，保持 0.6s
[INFO] 保持 t=14.0s FR=[-0.24, -0.931, -1.521] FL=[0.009, -0.903, -1.05]
[INFO] 握到！tau 尖峰 3.1Nm，保持 0.6s
[INFO] 保持 t=15.0s FR=[-0.139, -1.178, -1.194] FL=[0.113, -0.903, -1.05]
[INFO] 握到！tau 尖峰 2.3Nm，保持 0.6s
[INFO] 保持 t=16.0s FR=[-0.192, -0.988, -1.455] FL=[0.029, -0.903, -1.146]
[INFO] 握到！tau 尖峰 2.8Nm，保持 0.6s
[INFO] 握到！tau 尖峰 3.1Nm，保持 0.6s
[INFO] 保持 t=17.0s FR=[-0.251, -0.977, -1.458] FL=[0.015, -0.903, -1.05]
[INFO] 握到！tau 尖峰 3.6Nm，保持 0.6s
[INFO] 保持 t=18.0s FR=[-0.146, -1.186, -1.217] FL=[0.091, -0.903, -1.05]
[INFO] 握到！tau 尖峰 3.2Nm，保持 0.6s
[INFO] 握到！tau 尖峰 2.3Nm，保持 0.6s
[INFO] 保持 t=19.0s FR=[-0.179, -1.025, -1.428] FL=[0.028, -0.903, -1.114]
[INFO] 握到！tau 尖峰 3.3Nm，保持 0.6s
[INFO] 保持 t=20.0s FR=[-0.244, -0.923, -1.564] FL=[0.003, -0.903, -1.05]
[INFO] 握到！tau 尖峰 3.1Nm，保持 0.6s
[INFO] 保持 t=21.0s FR=[-0.167, -1.148, -1.235] FL=[0.097, -0.903, -1.05]
[INFO] 握到！tau 尖峰 3.6Nm，保持 0.6s
[INFO] 握到！tau 尖峰 2.8Nm，保持 0.6s
[INFO] 保持 t=22.0s FR=[-0.134, -1.055, -1.303] FL=[0.09, -0.903, -1.05]
[INFO] 握到！tau 尖峰 2.5Nm，保持 0.6s
[INFO] 保持 t=23.0s FR=[-0.241, -0.915, -1.47] FL=[0.007, -0.903, -1.05]
[INFO] 握到！tau 尖峰 3.4Nm，保持 0.6s
[INFO] 保持 t=24.0s FR=[-0.254, -0.915, -1.428] FL=[0.047, -0.903, -1.05]
[INFO] 握到！tau 尖峰 3.2Nm，保持 0.6s
[INFO] 保持 t=25.0s FR=[-0.217, -1.126, -1.3] FL=[0.058, -0.903, -1.05]
[INFO] 保持 t=26.0s FR=[-0.217, -1.126, -1.3] FL=[0.058, -0.903, -1.05]
[INFO] 保持 t=27.0s FR=[-0.217, -1.126, -1.3] FL=[0.058, -0.903, -1.05]
[INFO] 手已离开 1500 帧，恢复收回
[INFO] 测试后温度 max=61C。狗已站立（用户要求）；如温度偏高建议尽快趴下/关机
[M8] 趴姿双前腿握手 90.0s (Kp=120.0)
  [检查] 狗已趴卧（官方平衡）: 通过
  [检查] 遥控器在手且可随时接管: 通过
  [检查] 四周 1m 无障碍、地面平整: 通过
  [检查] 观察员在场、无他人靠近: 通过
[INFO] 起始电机温度: max=59 C
[INFO] StandUp() 官方站立 ...
  code: 0
[INFO] StandDown() 官方趴下 ...
  code: 0
[INFO] 低层接管就绪，立即冻结趴姿（防塌）
[INFO] 冻结关节角: [-0.103, 1.215, -2.741, 0.113, 1.227, -2.772, -0.377, 1.313, -2.793, 0.368, 1.334, -2.804]
[INFO] 稳定窗口（纯PD，最长 2.0s）...
[INFO] 稳定后冻结: [-0.103, 1.215, -2.741, 0.114, 1.227, -2.772, -0.377, 1.31, -2.793, 0.368, 1.334, -2.804]
[INFO] 双前腿伸直: FR目标=[-0.103, -0.915, -1.051] FL目标=[0.114, -0.903, -1.082]
[INFO] 手位置流: UDP 127.0.0.1:4300（伸直阶段预热）
[INFO] Kalman 预测: 前推 0.100s，手丢失外推 0.250s
[INFO] 伸直阶段 1222 次（约 2.4s）
[INFO] RL 策略已加载: real_go2/best_mlp_prone_px_v4.npz （50Hz 推理，动作增量+限位+0.05 安全钳）
[INFO] 保持阶段 13743 次（约 27.5s）
[INFO] UDP 流: 收 745 包
[INFO] 收回 FR+FL（回冻结姿态）...
[INFO] FR+FL 已收回（用时 1.6s）
[INFO] 收尾：若已在冻结趴姿直接恢复控制，否则斜坡回 LIE_Q ...
[INFO] 已在冻结趴姿(偏差 0.043rad)，跳过回退，已发 PosStopF
[INFO] SelectMode('mcf') code=0 (attempt 1)
[INFO] SelectMode 阶段用时 3.1s
[INFO] 运动服务已恢复（CheckMode 用时 0.1s），执行 standup() ...
  code: 0 (attempt 1)
[INFO] standup 阶段用时 0.0s；收尾总用时 3.4s（不含手离开确认 3s）
[EVIDENCE] evidence/formal_trials/trial_v4_FORMAL-02-010.json
[RESULT] M8_OK max_track_err=0.5509 rad joint=FL_t pitch=20.96deg
