[INFO] 关节已收敛（max_delta=0.0001）
[INFO] 伸直 t=0.5s FR=[-0.092, -0.78, -1.053] FL=[0.112, -0.772, -1.084]
[INFO] 伸直 t=1.0s FR=[-0.092, -0.91, -1.053] FL=[0.112, -0.902, -1.083]
[INFO] 伸直 t=1.5s FR=[-0.092, -0.91, -1.053] FL=[0.112, -0.902, -1.083]
[INFO] 伸直 t=2.0s FR=[-0.092, -0.91, -1.053] FL=[0.112, -0.902, -1.083]
[INFO] 手 px=0.31 py=0.59 -> 左爪(FL) hip=0.13 thigh=-0.91 calf=-1.06
[INFO] 握到！tau 尖峰 3.3Nm，保持 0.6s
[INFO] 保持 t=1.0s FR=[0.058, -0.91, -1.17] FL=[0.245, -0.92, -1.198]
[INFO] 保持 t=2.0s FR=[-0.049, -0.91, -1.381] FL=[0.217, -0.902, -1.313]
[INFO] 握到！tau 尖峰 3.7Nm，保持 0.6s
[INFO] 握到！tau 尖峰 3.5Nm，保持 0.6s
[INFO] 保持 t=3.0s FR=[-0.041, -0.91, -1.548] FL=[0.332, -1.085, -1.35]
[INFO] 握到！tau 尖峰 3.2Nm，保持 0.6s
[INFO] 保持 t=4.0s FR=[-0.119, -0.91, -1.445] FL=[0.24, -1.311, -1.141]
[INFO] 握到！tau 尖峰 4.3Nm，保持 0.6s
[INFO] 保持 t=5.0s FR=[0.028, -0.91, -1.31] FL=[0.368, -1.173, -1.47]
[INFO] 握到！tau 尖峰 3.7Nm，保持 0.6s
[INFO] 保持 t=6.0s FR=[-0.095, -0.91, -1.261] FL=[0.207, -1.139, -1.068]
[INFO] 握到！tau 尖峰 4.1Nm，保持 0.6s
[INFO] 保持 t=7.0s FR=[0.051, -0.91, -1.11] FL=[0.215, -1.027, -1.05]
[INFO] 握到！tau 尖峰 3.6Nm，保持 0.6s
[INFO] 握到！tau 尖峰 3.0Nm，保持 0.6s
[INFO] 保持 t=8.0s FR=[-0.091, -0.91, -1.45] FL=[0.197, -1.27, -1.257]
[INFO] 握到！tau 尖峰 3.7Nm，保持 0.6s
[INFO] 保持 t=9.0s FR=[-0.029, -0.91, -1.61] FL=[0.307, -0.992, -1.377]
[INFO] 握到！tau 尖峰 3.5Nm，保持 0.6s
[INFO] 保持 t=10.0s FR=[-0.164, -0.91, -1.517] FL=[0.2, -1.042, -1.152]
[INFO] 握到！tau 尖峰 4.0Nm，保持 0.6s
[INFO] 保持 t=11.0s FR=[-0.087, -0.91, -1.454] FL=[0.225, -1.255, -1.312]
[INFO] 握到！tau 尖峰 3.9Nm，保持 0.6s
[INFO] 保持 t=12.0s FR=[0.1, -0.91, -1.327] FL=[0.37, -1.095, -1.35]
[INFO] 握到！tau 尖峰 3.5Nm，保持 0.6s
[INFO] 握到！tau 尖峰 3.7Nm，保持 0.6s
[INFO] 保持 t=13.0s FR=[-0.105, -0.91, -1.545] FL=[0.25, -1.379, -1.062]
[INFO] 握到！tau 尖峰 3.9Nm，保持 0.6s
[INFO] 保持 t=14.0s FR=[0.003, -0.91, -1.245] FL=[0.301, -1.089, -1.409]
[INFO] 握到！tau 尖峰 4.5Nm，保持 0.6s
[INFO] 握到！tau 尖峰 4.1Nm，保持 0.6s
[INFO] 保持 t=15.0s FR=[-0.034, -0.91, -1.48] FL=[0.311, -1.273, -1.181]
[INFO] 握到！tau 尖峰 4.0Nm，保持 0.6s
[INFO] 保持 t=16.0s FR=[-0.097, -0.91, -1.477] FL=[0.205, -1.296, -1.146]
[INFO] 握到！tau 尖峰 3.2Nm，保持 0.6s
[INFO] 保持 t=17.0s FR=[0.051, -0.91, -1.22] FL=[0.376, -1.15, -1.469]
[INFO] 握到！tau 尖峰 3.5Nm，保持 0.6s
[INFO] 保持 t=18.0s FR=[-0.021, -0.91, -1.398] FL=[0.273, -1.192, -1.2]
[INFO] 保持 t=19.0s FR=[-0.021, -0.91, -1.398] FL=[0.273, -1.192, -1.2]
[INFO] 保持 t=20.0s FR=[-0.021, -0.91, -1.398] FL=[0.273, -1.192, -1.2]
[INFO] 手已离开 1500 帧，恢复收回
[INFO] 测试后温度 max=50C。狗已站立（用户要求）；如温度偏高建议尽快趴下/关机
[M8] 趴姿双前腿握手 90.0s (Kp=120.0)
  [检查] 狗已趴卧（官方平衡）: 通过
  [检查] 遥控器在手且可随时接管: 通过
  [检查] 四周 1m 无障碍、地面平整: 通过
  [检查] 观察员在场、无他人靠近: 通过
[INFO] 起始电机温度: max=50 C
[INFO] StandUp() 官方站立 ...
  code: 0
[INFO] StandDown() 官方趴下 ...
  code: 0
[INFO] 低层接管就绪，立即冻结趴姿（防塌）
[INFO] 冻结关节角: [-0.092, 1.221, -2.743, 0.111, 1.227, -2.773, -0.416, 1.342, -2.774, 0.392, 1.341, -2.791]
[INFO] 稳定窗口（纯PD，最长 2.0s）...
[INFO] 稳定后冻结: [-0.092, 1.22, -2.743, 0.112, 1.228, -2.773, -0.419, 1.34, -2.774, 0.391, 1.341, -2.791]
[INFO] 双前腿伸直: FR目标=[-0.092, -0.91, -1.053] FL目标=[0.112, -0.902, -1.083]
[INFO] 手位置流: UDP 127.0.0.1:4300（伸直阶段预热）
[INFO] Kalman 预测: 前推 0.100s，手丢失外推 0.250s
[INFO] 伸直阶段 1202 次（约 2.4s）
[INFO] RL 策略已加载: real_go2/best_mlp_prone_px_v4.npz （50Hz 推理，动作增量+限位+0.05 安全钳）
[INFO] 保持阶段 10205 次（约 20.4s）
[INFO] UDP 流: 收 561 包
[INFO] 收回 FR+FL（回冻结姿态）...
[INFO] FR+FL 已收回（用时 1.6s）
[INFO] 收尾：若已在冻结趴姿直接恢复控制，否则斜坡回 LIE_Q ...
[INFO] 已在冻结趴姿(偏差 0.036rad)，跳过回退，已发 PosStopF
[INFO] SelectMode('mcf') code=0 (attempt 1)
[INFO] SelectMode 阶段用时 3.1s
[INFO] 运动服务已恢复（CheckMode 用时 0.1s），执行 standup() ...
  code: 0 (attempt 1)
[INFO] standup 阶段用时 0.0s；收尾总用时 3.4s（不含手离开确认 3s）
[EVIDENCE] evidence/formal_trials/trial_v4_FORMAL-02-005.json
[RESULT] M8_OK max_track_err=0.5629 rad joint=FR_t pitch=21.74deg
