[INFO] 关节已收敛（max_delta=0.0000）
[INFO] 伸直 t=0.5s FR=[-0.085, -0.777, -1.055] FL=[0.11, -0.769, -1.082]
[INFO] 伸直 t=1.0s FR=[-0.085, -0.907, -1.055] FL=[0.11, -0.899, -1.082]
[INFO] 伸直 t=1.5s FR=[-0.085, -0.907, -1.055] FL=[0.11, -0.899, -1.082]
[INFO] 伸直 t=2.0s FR=[-0.085, -0.907, -1.055] FL=[0.11, -0.899, -1.082]
[INFO] 伸直 t=2.5s FR=[-0.085, -0.907, -1.055] FL=[0.11, -0.899, -1.082]
[INFO] 手 px=0.72 py=0.55 -> 右爪(FR) hip=0.15 thigh=-0.95 calf=-1.07
[INFO] 握到！tau 尖峰 3.0Nm，保持 0.6s
[INFO] 保持 t=1.0s FR=[-0.218, -0.925, -1.492] FL=[0.019, -0.899, -1.093]
[INFO] 握到！tau 尖峰 3.6Nm，保持 0.6s
[INFO] 保持 t=2.0s FR=[-0.22, -1.061, -1.409] FL=[0.038, -0.899, -1.05]
[INFO] 握到！tau 尖峰 2.8Nm，保持 0.6s
[INFO] 握到！tau 尖峰 2.5Nm，保持 0.6s
[INFO] 保持 t=3.0s FR=[-0.152, -1.146, -1.285] FL=[0.094, -0.899, -1.173]
[INFO] 握到！tau 尖峰 3.7Nm，保持 0.6s
[INFO] 保持 t=4.0s FR=[-0.201, -0.946, -1.437] FL=[0.026, -0.899, -1.059]
[INFO] 握到！tau 尖峰 3.3Nm，保持 0.6s
[INFO] 握到！tau 尖峰 3.1Nm，保持 0.6s
[INFO] 保持 t=5.0s FR=[-0.255, -0.907, -1.588] FL=[0.0, -0.899, -1.05]
[INFO] 握到！tau 尖峰 3.1Nm，保持 0.6s
[INFO] 保持 t=6.0s FR=[-0.183, -1.253, -1.314] FL=[0.104, -0.899, -1.07]
[INFO] 握到！tau 尖峰 3.7Nm，保持 0.6s
[INFO] 保持 t=7.0s FR=[-0.137, -1.214, -1.452] FL=[0.05, -0.899, -1.278]
[INFO] 握到！tau 尖峰 2.8Nm，保持 0.6s
[INFO] 保持 t=8.0s FR=[-0.228, -0.908, -1.597] FL=[0.017, -0.899, -1.05]
[INFO] 握到！tau 尖峰 3.4Nm，保持 0.6s
[INFO] 握到！tau 尖峰 3.7Nm，保持 0.6s
[INFO] 保持 t=9.0s FR=[-0.158, -1.167, -1.262] FL=[0.103, -0.899, -1.05]
[INFO] 握到！tau 尖峰 3.4Nm，保持 0.6s
[INFO] 保持 t=10.0s FR=[-0.15, -1.159, -1.457] FL=[0.034, -0.899, -1.248]
[INFO] 握到！tau 尖峰 3.3Nm，保持 0.6s
[INFO] 保持 t=11.0s FR=[-0.273, -0.907, -1.546] FL=[0.027, -0.899, -1.05]
[INFO] 握到！tau 尖峰 3.3Nm，保持 0.6s
[INFO] 握到！tau 尖峰 2.9Nm，保持 0.6s
[INFO] 保持 t=12.0s FR=[-0.201, -1.011, -1.276] FL=[0.092, -0.899, -1.05]
[INFO] 握到！tau 尖峰 3.5Nm，保持 0.6s
[INFO] 保持 t=13.0s FR=[-0.103, -1.116, -1.279] FL=[0.095, -0.899, -1.124]
[INFO] 保持 t=14.0s FR=[-0.201, -1.041, -1.436] FL=[0.047, -0.899, -1.05]
[INFO] 保持 t=15.0s FR=[-0.201, -1.041, -1.436] FL=[0.047, -0.899, -1.05]
[INFO] 保持 t=16.0s FR=[-0.201, -1.041, -1.436] FL=[0.047, -0.899, -1.05]
[INFO] 手已离开 1500 帧，恢复收回
[INFO] 测试后温度 max=49C。狗已站立（用户要求）；如温度偏高建议尽快趴下/关机
[M8] 趴姿双前腿握手 90.0s (Kp=120.0)
  [检查] 狗已趴卧（官方平衡）: 通过
  [检查] 遥控器在手且可随时接管: 通过
  [检查] 四周 1m 无障碍、地面平整: 通过
  [检查] 观察员在场、无他人靠近: 通过
[INFO] 起始电机温度: max=49 C
[INFO] StandUp() 官方站立 ...
  code: 0
[INFO] StandDown() 官方趴下 ...
  code: 0
[INFO] 低层接管就绪，立即冻结趴姿（防塌）
[INFO] 冻结关节角: [-0.085, 1.223, -2.745, 0.109, 1.23, -2.772, -0.427, 1.343, -2.768, 0.401, 1.345, -2.789]
[INFO] 稳定窗口（纯PD，最长 2.0s）...
[INFO] 稳定后冻结: [-0.085, 1.223, -2.745, 0.11, 1.231, -2.772, -0.427, 1.342, -2.768, 0.401, 1.345, -2.789]
[INFO] 双前腿伸直: FR目标=[-0.085, -0.907, -1.055] FL目标=[0.11, -0.899, -1.082]
[INFO] 手位置流: UDP 127.0.0.1:4300（伸直阶段预热）
[INFO] Kalman 预测: 前推 0.100s，手丢失外推 0.250s
[INFO] 伸直阶段 1255 次（约 2.5s）
[INFO] RL 策略已加载: real_go2/best_mlp_prone_px_v4.npz （50Hz 推理，动作增量+限位+0.05 安全钳）
[INFO] 保持阶段 8125 次（约 16.2s）
[INFO] UDP 流: 收 465 包
[INFO] 收回 FR+FL（回冻结姿态）...
[INFO] FR+FL 已收回（用时 1.6s）
[INFO] 收尾：若已在冻结趴姿直接恢复控制，否则斜坡回 LIE_Q ...
[INFO] 已在冻结趴姿(偏差 0.042rad)，跳过回退，已发 PosStopF
[INFO] SelectMode('mcf') code=0 (attempt 1)
[INFO] SelectMode 阶段用时 3.1s
[INFO] 运动服务已恢复（CheckMode 用时 0.1s），执行 standup() ...
  code: 0 (attempt 1)
[INFO] standup 阶段用时 0.0s；收尾总用时 3.4s（不含手离开确认 3s）
[EVIDENCE] evidence/formal_trials/trial_v4_FORMAL-02-004.json
[RESULT] M8_OK max_track_err=0.5406 rad joint=FL_t pitch=22.02deg
