[INFO] 关节已收敛（max_delta=0.0000）
[INFO] 伸直 t=0.5s FR=[-0.1, -0.785, -1.051] FL=[0.114, -0.772, -1.08]
[INFO] 伸直 t=1.0s FR=[-0.1, -0.915, -1.051] FL=[0.114, -0.902, -1.079]
[INFO] 伸直 t=1.5s FR=[-0.1, -0.915, -1.051] FL=[0.114, -0.902, -1.079]
[INFO] 伸直 t=2.0s FR=[-0.1, -0.915, -1.051] FL=[0.114, -0.902, -1.079]
[INFO] 手 px=0.71 py=0.59 -> 右爪(FR) hip=0.15 thigh=-0.91 calf=-1.05
[INFO] 握到！tau 尖峰 2.4Nm，保持 0.6s
[INFO] 保持 t=1.0s FR=[-0.249, -0.915, -1.538] FL=[0.005, -0.902, -1.085]
[INFO] 握到！tau 尖峰 3.1Nm，保持 0.6s
[INFO] 握到！tau 尖峰 3.4Nm，保持 0.6s
[INFO] 保持 t=2.0s FR=[-0.184, -1.214, -1.376] FL=[0.074, -0.902, -1.05]
[INFO] 握到！tau 尖峰 2.5Nm，保持 0.6s
[INFO] 保持 t=3.0s FR=[-0.145, -1.149, -1.356] FL=[0.083, -0.902, -1.214]
[INFO] 握到！tau 尖峰 2.7Nm，保持 0.6s
[INFO] 保持 t=4.0s FR=[-0.232, -0.936, -1.599] FL=[0.01, -0.902, -1.05]
[INFO] 握到！tau 尖峰 3.0Nm，保持 0.6s
[INFO] 保持 t=5.0s FR=[-0.172, -1.16, -1.271] FL=[0.116, -0.902, -1.066]
[INFO] 握到！tau 尖峰 3.0Nm，保持 0.6s
[INFO] 握到！tau 尖峰 3.1Nm，保持 0.6s
[INFO] 保持 t=6.0s FR=[-0.168, -1.203, -1.524] FL=[0.011, -0.902, -1.279]
[INFO] 握到！tau 尖峰 2.8Nm，保持 0.6s
[INFO] 保持 t=7.0s FR=[-0.23, -1.206, -1.65] FL=[0.021, -0.902, -1.05]
[INFO] 握到！tau 尖峰 3.0Nm，保持 0.6s
[INFO] 保持 t=8.0s FR=[-0.179, -1.175, -1.394] FL=[0.104, -0.902, -1.113]
[INFO] 握到！tau 尖峰 2.6Nm，保持 0.6s
[INFO] 握到！tau 尖峰 2.9Nm，保持 0.6s
[INFO] 保持 t=9.0s FR=[-0.118, -1.258, -1.313] FL=[0.125, -0.902, -1.336]
[INFO] 握到！tau 尖峰 2.7Nm，保持 0.6s
[INFO] 保持 t=10.0s FR=[-0.241, -1.123, -1.683] FL=[-0.03, -0.902, -1.113]
[INFO] 握到！tau 尖峰 2.8Nm，保持 0.6s
[INFO] 握到！tau 尖峰 3.7Nm，保持 0.6s
[INFO] 保持 t=11.0s FR=[-0.205, -1.041, -1.32] FL=[0.111, -0.902, -1.05]
[INFO] 握到！tau 尖峰 3.3Nm，保持 0.6s
[INFO] 保持 t=12.0s FR=[-0.14, -1.022, -1.154] FL=[0.108, -0.902, -1.05]
[INFO] 握到！tau 尖峰 4.2Nm，保持 0.6s
[INFO] 保持 t=13.0s FR=[-0.162, -0.968, -1.295] FL=[0.069, -0.902, -1.05]
[INFO] 握到！tau 尖峰 3.0Nm，保持 0.6s
[INFO] 保持 t=14.0s FR=[-0.242, -0.915, -1.512] FL=[0.017, -0.902, -1.08]
[INFO] 握到！tau 尖峰 3.6Nm，保持 0.6s
[INFO] 握到！tau 尖峰 3.3Nm，保持 0.6s
[INFO] 保持 t=15.0s FR=[-0.268, -0.915, -1.42] FL=[0.041, -0.902, -1.05]
[INFO] 握到！tau 尖峰 3.1Nm，保持 0.6s
[INFO] 手 px=0.50 py=0.02 -> 左爪(FL) hip=0.00 thigh=-1.35 calf=-1.25
[INFO] 手 px=0.50 py=0.02 -> 右爪(FR) hip=0.00 thigh=-1.35 calf=-1.25
[INFO] 保持 t=16.0s FR=[-0.069, -1.216, -1.508] FL=[0.14, -0.902, -1.41]
[INFO] 保持 t=17.0s FR=[-0.069, -1.216, -1.508] FL=[0.14, -0.902, -1.41]
[INFO] 保持 t=18.0s FR=[-0.069, -1.216, -1.508] FL=[0.14, -0.902, -1.41]
[INFO] 手已离开 1500 帧，恢复收回
[INFO] 测试后温度 max=54C。狗已站立（用户要求）；如温度偏高建议尽快趴下/关机
[M8] 趴姿双前腿握手 90.0s (Kp=120.0)
  [检查] 狗已趴卧（官方平衡）: 通过
  [检查] 遥控器在手且可随时接管: 通过
  [检查] 四周 1m 无障碍、地面平整: 通过
  [检查] 观察员在场、无他人靠近: 通过
[INFO] 起始电机温度: max=53 C
[INFO] StandUp() 官方站立 ...
  code: 0
[INFO] StandDown() 官方趴下 ...
  code: 0
[INFO] 低层接管就绪，立即冻结趴姿（防塌）
[INFO] 冻结关节角: [-0.101, 1.216, -2.741, 0.114, 1.227, -2.769, -0.4, 1.334, -2.785, 0.383, 1.341, -2.802]
[INFO] 稳定窗口（纯PD，最长 2.0s）...
[INFO] 稳定后冻结: [-0.1, 1.215, -2.741, 0.114, 1.228, -2.769, -0.4, 1.334, -2.785, 0.383, 1.34, -2.802]
[INFO] 双前腿伸直: FR目标=[-0.1, -0.915, -1.051] FL目标=[0.114, -0.902, -1.079]
[INFO] 手位置流: UDP 127.0.0.1:4300（伸直阶段预热）
[INFO] Kalman 预测: 前推 0.100s，手丢失外推 0.250s
[INFO] 伸直阶段 1197 次（约 2.4s）
[INFO] RL 策略已加载: real_go2/best_mlp_prone_px_v4.npz （50Hz 推理，动作增量+限位+0.05 安全钳）
[INFO] 保持阶段 9427 次（约 18.9s）
[INFO] UDP 流: 收 514 包
[INFO] 收回 FR+FL（回冻结姿态）...
[INFO] FR+FL 已收回（用时 1.6s）
[INFO] 收尾：若已在冻结趴姿直接恢复控制，否则斜坡回 LIE_Q ...
[INFO] 已在冻结趴姿(偏差 0.043rad)，跳过回退，已发 PosStopF
[INFO] SelectMode('mcf') code=0 (attempt 1)
[INFO] SelectMode 阶段用时 3.1s
[INFO] 运动服务已恢复（CheckMode 用时 0.1s），执行 standup() ...
  code: 0 (attempt 1)
[INFO] standup 阶段用时 0.0s；收尾总用时 3.4s（不含手离开确认 3s）
[EVIDENCE] evidence/formal_trials/trial_v4_FORMAL-02-007.json
[RESULT] M8_OK max_track_err=0.5595 rad joint=FL_t pitch=21.46deg
